// Jest Snapshot v1, https://goo.gl/fbAQLP

exports[`The Take-me-home app Returns some trips 1`] = `
Array [
  Object {
    "start": Object {
      "date": "2019-08-05",
      "time": "22:02:00",
    },
    "stops": Array [
      "Hedvigsborg (Mörbylånga kn)",
      "Resmo vsk (Mörbylånga kn)",
      "Kleva (Mörbylånga kn)",
      "Lilla Frö (Mörbylånga kn)",
      "Stora Frö (Mörbylånga kn)",
      "Haga park (Mörbylånga kn)",
      "Vickleby vsk (Mörbylånga kn)",
      "Karlevi vsk (Mörbylånga kn)",
      "Eriksöre camping (Mörbylånga kn)",
      "Runsbäck (Mörbylånga kn)",
      "Färjestaden Byggmästargatan (Mörbylånga kn)",
      "Södra Hamnplan (Mörbylånga kn)",
      "Färjestaden Ölands Köpstad (Mörbylånga kn)",
      "Snäckstrand södra (Mörbylånga kn)",
      "Snäckstrand norra (Mörbylånga kn)",
      "Färjestaden Möllstorp (Mörbylånga kn)",
      "Tallhagen (Kalmar kn)",
      "Kalmar Chokladfabriken",
      "Kalmar Malmen",
      "Tullslätten (Kalmar kn)",
      "Kalmar Centralstation",
      "Mönsterås norra",
      "Oskarshamn station",
      "Västervik station",
      "Norrköping busstation",
      "Kolmården station (Norrköping kn)",
      "Nyköping Centralstation",
      "Vagnhärad station (Trosa kn)",
      "Södertälje Syd station",
      "Flemingsberg station (Huddinge kn)",
      "Huddinge station",
      "Stuvsta station (Huddinge kn)",
      "Älvsjö station (Stockholm kn)",
    ],
  },
  Object {
    "start": Object {
      "date": "2019-08-05",
      "time": "22:02:00",
    },
    "stops": Array [
      "Hedvigsborg (Mörbylånga kn)",
      "Resmo vsk (Mörbylånga kn)",
      "Kleva (Mörbylånga kn)",
      "Lilla Frö (Mörbylånga kn)",
      "Stora Frö (Mörbylånga kn)",
      "Haga park (Mörbylånga kn)",
      "Vickleby vsk (Mörbylånga kn)",
      "Karlevi vsk (Mörbylånga kn)",
      "Eriksöre camping (Mörbylånga kn)",
      "Runsbäck (Mörbylånga kn)",
      "Färjestaden Byggmästargatan (Mörbylånga kn)",
      "Södra Hamnplan (Mörbylånga kn)",
      "Färjestaden Ölands Köpstad (Mörbylånga kn)",
      "Snäckstrand södra (Mörbylånga kn)",
      "Snäckstrand norra (Mörbylånga kn)",
      "Färjestaden Möllstorp (Mörbylånga kn)",
      "Tallhagen (Kalmar kn)",
      "Kalmar Chokladfabriken",
      "Kalmar Malmen",
      "Tullslätten (Kalmar kn)",
      "Kalmar Centralstation",
      "Mönsterås norra",
      "Oskarshamn station",
      "Västervik station",
      "Norrköping busstation",
      "Kolmården station (Norrköping kn)",
      "Nyköping Centralstation",
      "Vagnhärad station (Trosa kn)",
      "Södertälje Syd station",
      "Flemingsberg station (Huddinge kn)",
      "Huddinge station",
      "Stuvsta station (Huddinge kn)",
      "Älvsjö station (Stockholm kn)",
      "Turingevägen (Stockholm kn)",
    ],
  },
  Object {
    "start": Object {
      "date": "2019-08-05",
      "time": "22:02:00",
    },
    "stops": Array [
      "Hedvigsborg (Mörbylånga kn)",
      "Resmo vsk (Mörbylånga kn)",
      "Kleva (Mörbylånga kn)",
      "Lilla Frö (Mörbylånga kn)",
      "Stora Frö (Mörbylånga kn)",
      "Haga park (Mörbylånga kn)",
      "Vickleby vsk (Mörbylånga kn)",
      "Karlevi vsk (Mörbylånga kn)",
      "Eriksöre camping (Mörbylånga kn)",
      "Runsbäck (Mörbylånga kn)",
      "Färjestaden Byggmästargatan (Mörbylånga kn)",
      "Södra Hamnplan (Mörbylånga kn)",
      "Färjestaden Ölands Köpstad (Mörbylånga kn)",
      "Snäckstrand södra (Mörbylånga kn)",
      "Snäckstrand norra (Mörbylånga kn)",
      "Färjestaden Möllstorp (Mörbylånga kn)",
      "Tallhagen (Kalmar kn)",
      "Kalmar Chokladfabriken",
      "Kalmar Malmen",
      "Tullslätten (Kalmar kn)",
      "Kalmar Centralstation",
      "Mönsterås norra",
      "Oskarshamn station",
      "Västervik station",
      "Norrköping busstation",
      "Stockholm Cityterminalen",
      "Stockholm Södra station",
      "Årstaberg station (Stockholm kn)",
      "Älvsjö station (Stockholm kn)",
    ],
  },
  Object {
    "start": Object {
      "date": "2019-08-05",
      "time": "22:02:00",
    },
    "stops": Array [
      "Hedvigsborg (Mörbylånga kn)",
      "Resmo vsk (Mörbylånga kn)",
      "Kleva (Mörbylånga kn)",
      "Lilla Frö (Mörbylånga kn)",
      "Stora Frö (Mörbylånga kn)",
      "Haga park (Mörbylånga kn)",
      "Vickleby vsk (Mörbylånga kn)",
      "Karlevi vsk (Mörbylånga kn)",
      "Eriksöre camping (Mörbylånga kn)",
      "Runsbäck (Mörbylånga kn)",
      "Färjestaden Byggmästargatan (Mörbylånga kn)",
      "Södra Hamnplan (Mörbylånga kn)",
      "Färjestaden Ölands Köpstad (Mörbylånga kn)",
      "Snäckstrand södra (Mörbylånga kn)",
      "Snäckstrand norra (Mörbylånga kn)",
      "Färjestaden Möllstorp (Mörbylånga kn)",
      "Tallhagen (Kalmar kn)",
      "Kalmar Chokladfabriken",
      "Kalmar Malmen",
      "Tullslätten (Kalmar kn)",
      "Kalmar Centralstation",
      "Mönsterås norra",
      "Oskarshamn station",
      "Västervik station",
      "Norrköping busstation",
      "Stockholm Cityterminalen",
      "Stockholm Södra station",
      "Årstaberg station (Stockholm kn)",
      "Älvsjö station (Stockholm kn)",
      "Turingevägen (Stockholm kn)",
    ],
  },
  Object {
    "start": Object {
      "date": "2019-08-06",
      "time": "05:02:00",
    },
    "stops": Array [
      "Hedvigsborg (Mörbylånga kn)",
      "Resmo vsk (Mörbylånga kn)",
      "Kleva (Mörbylånga kn)",
      "Lilla Frö (Mörbylånga kn)",
      "Stora Frö (Mörbylånga kn)",
      "Haga park (Mörbylånga kn)",
      "Vickleby vsk (Mörbylånga kn)",
      "Karlevi vsk (Mörbylånga kn)",
      "Eriksöre camping (Mörbylånga kn)",
      "Runsbäck (Mörbylånga kn)",
      "Färjestaden Byggmästargatan (Mörbylånga kn)",
      "Södra Hamnplan (Mörbylånga kn)",
      "Färjestaden Ölands Köpstad (Mörbylånga kn)",
      "Snäckstrand södra (Mörbylånga kn)",
      "Snäckstrand norra (Mörbylånga kn)",
      "Färjestaden Möllstorp (Mörbylånga kn)",
      "Tallhagen (Kalmar kn)",
      "Kalmar Chokladfabriken",
      "Kalmar Malmen",
      "Tullslätten (Kalmar kn)",
      "Kalmar Centralstation",
      "Mönsterås norra",
      "Oskarshamn station",
      "Fårbo E22 (Oskarshamn kn)",
      "Misterhult vägskäl E22 (Oskarshamn kn)",
      "Blankaholm E22 (Västervik kn)",
      "Verkebäcksbron (Västervik kn)",
      "Västervik station",
      "Gamleby Flisvägen (Västervik kn)",
      "Valdemarsvik E22",
      "Söderköping busstation",
      "Norrköping busstation",
      "Nyköping busstation",
      "Stockholm Cityterminalen",
      "Stockholm Södra station",
      "Årstaberg station (Stockholm kn)",
      "Älvsjö station (Stockholm kn)",
    ],
  },
  Object {
    "start": Object {
      "date": "2019-08-06",
      "time": "05:02:00",
    },
    "stops": Array [
      "Hedvigsborg (Mörbylånga kn)",
      "Resmo vsk (Mörbylånga kn)",
      "Kleva (Mörbylånga kn)",
      "Lilla Frö (Mörbylånga kn)",
      "Stora Frö (Mörbylånga kn)",
      "Haga park (Mörbylånga kn)",
      "Vickleby vsk (Mörbylånga kn)",
      "Karlevi vsk (Mörbylånga kn)",
      "Eriksöre camping (Mörbylånga kn)",
      "Runsbäck (Mörbylånga kn)",
      "Färjestaden Byggmästargatan (Mörbylånga kn)",
      "Södra Hamnplan (Mörbylånga kn)",
      "Färjestaden Ölands Köpstad (Mörbylånga kn)",
      "Snäckstrand södra (Mörbylånga kn)",
      "Snäckstrand norra (Mörbylånga kn)",
      "Färjestaden Möllstorp (Mörbylånga kn)",
      "Tallhagen (Kalmar kn)",
      "Kalmar Chokladfabriken",
      "Kalmar Malmen",
      "Tullslätten (Kalmar kn)",
      "Kalmar Centralstation",
      "Mönsterås norra",
      "Oskarshamn station",
      "Fårbo E22 (Oskarshamn kn)",
      "Misterhult vägskäl E22 (Oskarshamn kn)",
      "Blankaholm E22 (Västervik kn)",
      "Verkebäcksbron (Västervik kn)",
      "Västervik station",
      "Gamleby Flisvägen (Västervik kn)",
      "Valdemarsvik E22",
      "Söderköping busstation",
      "Norrköping busstation",
      "Nyköping busstation",
      "Stockholm Cityterminalen",
      "Stockholm Södra station",
      "Årstaberg station (Stockholm kn)",
      "Älvsjö station (Stockholm kn)",
      "Turingevägen (Stockholm kn)",
    ],
  },
  Object {
    "start": Object {
      "date": "2019-08-06",
      "time": "06:02:00",
    },
    "stops": Array [
      "Hedvigsborg (Mörbylånga kn)",
      "Resmo vsk (Mörbylånga kn)",
      "Kleva (Mörbylånga kn)",
      "Lilla Frö (Mörbylånga kn)",
      "Stora Frö (Mörbylånga kn)",
      "Haga park (Mörbylånga kn)",
      "Vickleby vsk (Mörbylånga kn)",
      "Karlevi vsk (Mörbylånga kn)",
      "Eriksöre camping (Mörbylånga kn)",
      "Runsbäck (Mörbylånga kn)",
      "Färjestaden Byggmästargatan (Mörbylånga kn)",
      "Södra Hamnplan (Mörbylånga kn)",
      "Färjestaden Ölands Köpstad (Mörbylånga kn)",
      "Snäckstrand södra (Mörbylånga kn)",
      "Snäckstrand norra (Mörbylånga kn)",
      "Färjestaden Möllstorp (Mörbylånga kn)",
      "Tallhagen (Kalmar kn)",
      "Kalmar Chokladfabriken",
      "Kalmar Malmen",
      "Tullslätten (Kalmar kn)",
      "Kalmar Centralstation",
      "Nybro station",
      "Emmaboda station",
      "Lessebo station",
      "Hovmantorp station (Lessebo kn)",
      "Växjö station",
      "Alvesta station",
      "Nässjö Centralstation",
      "Mjölby station",
      "Linköping Centralstation",
      "Norrköping Centralstation",
      "Stockholm Södra station",
      "Årstaberg station (Stockholm kn)",
      "Älvsjö station (Stockholm kn)",
    ],
  },
  Object {
    "start": Object {
      "date": "2019-08-06",
      "time": "06:02:00",
    },
    "stops": Array [
      "Hedvigsborg (Mörbylånga kn)",
      "Resmo vsk (Mörbylånga kn)",
      "Kleva (Mörbylånga kn)",
      "Lilla Frö (Mörbylånga kn)",
      "Stora Frö (Mörbylånga kn)",
      "Haga park (Mörbylånga kn)",
      "Vickleby vsk (Mörbylånga kn)",
      "Karlevi vsk (Mörbylånga kn)",
      "Eriksöre camping (Mörbylånga kn)",
      "Runsbäck (Mörbylånga kn)",
      "Färjestaden Byggmästargatan (Mörbylånga kn)",
      "Södra Hamnplan (Mörbylånga kn)",
      "Färjestaden Ölands Köpstad (Mörbylånga kn)",
      "Snäckstrand södra (Mörbylånga kn)",
      "Snäckstrand norra (Mörbylånga kn)",
      "Färjestaden Möllstorp (Mörbylånga kn)",
      "Tallhagen (Kalmar kn)",
      "Kalmar Chokladfabriken",
      "Kalmar Malmen",
      "Tullslätten (Kalmar kn)",
      "Kalmar Centralstation",
      "Nybro station",
      "Emmaboda station",
      "Lessebo station",
      "Hovmantorp station (Lessebo kn)",
      "Växjö station",
      "Alvesta station",
      "Nässjö Centralstation",
      "Mjölby station",
      "Linköping Centralstation",
      "Norrköping Centralstation",
      "Stockholm Södra station",
      "Årstaberg station (Stockholm kn)",
      "Älvsjö station (Stockholm kn)",
      "Turingevägen (Stockholm kn)",
    ],
  },
]
`;
